[    0.000000] Initializing cgroup subsys cpuset
[    0000000] Initializing cgroup suyscpu
[    0.000000] Initializing cgroup subsys cpuacct
[    0.000000] Linux version 4.4.0-157-generic (buildd@lgw01-amd64-037) (gcc version 5.4.0 20160609 (Ubuntu 5.4.0-6ubuntu1~16.04.10) ) #185-Ubuntu SMP Tue Jul 23 09:17:01 UTC 2019 (Ubuntu 4.4.0-157.185-generic 4.4.181)
[    0.000000] Command line: BOOT_IMAGE=/boot/vmlinuz-4.4.0-157-generic root=LABEL=cloudimg-rootfs ro console=tty1 console=ttyS0
[    0.000000] KERNEL supported cpus:
[    0.000000]   Intel GenuineIntel
[    0.000000]   AMD AuthenticAMD
[    0.000000]   CenurCetaurHau
   0.0000] 86fpu: xat_ofst[2]: 57, stte_sizs[]: 2
[    00000 x86fp: upporing XSAVE feature0x01: 'x87 floating point registers'
[    0.000000] x6/fpu: Suporting XSVEfetue 0x02 'SSE registers'
[    0.000000] x86/fpu: Supporting XSAVE feature 0x04: VXregister'[   .0000]86/fp: abed xste eatres0x, onext sie  82 ytes, uin 'standard' fomat.
[    0.000000] e820: BIOSprovidd physical RAM map:
[    0.00000] BIOS-e820: [mem 0x0000000000000000-0x000000000009fbff] usable
[    0.000000] BIOS-e820: [mem 0x000000000009fc00-0x000000000009ffff] reserved
[    0.000000] BIOS-e820: [em 0x00000000000f0000-0x00000000000fffff] reserved
[    0.000000] BIOS-e820: [mem 0x0000000000100000-0x00000000dffeffff] usabe
[    0000000] BIO-e20 [mem 0x00000ff00000x00000dfffffff] ACPI data
[    0.000000] BIOS-e820: [mem 0x00000000fec00000-0x00000000fec00fff] reserved
   000000] OSe820: [mem 0x00000000fee00000-0x00000000fee00fff] reserved
[    0.000000] BIOS-e820: [mem 0x00000000fffc0000-0x00000000ffffffff] reserved
[    0.000000] BIOS-e820: [mem 0x0000000100000000-0x000000011fffffff] usable
[    0.000000] NX (Execute Disable) protection: actie
[    0.000000] SMBIOS 2.5 present.
[    0.000000] Hypervisor detected: KVM
[    0.000000] e820: last_pfn = 0x120000 max_arch_pfn = 0x40000
[    .000] TRR: Disabled
[    0.000] x86/PAT: MTRRs disabled, skippg AT initialiation too.
[    0.000000] CPU MTRRs all blank - virtualized system.
[    0.000000] x86/PAT: Configuration [0-7]: WB  WT  UC- UC  WB  WT  UC- UC  
[  000000]e8: lat_fn = 0dff0ma_arch_pf =0x0000000
   000000] found SMP Mtaleat[mem0x00fff00x0009fff]maedat [ff880009fff0]
   000000] Scnning 1 aras fr ow memory corruption
[    0.000000] RAMDISK: [mem 0x362fa000-0x37174fff]
[    00000 ACPI: Early table checksum verification disabled
[    0.000000] ACPI: RSDP 0x00000000000E0000 000024 (v02 VBOX  )
[    0.000000] ACPI: XSDT 0x00000000DFFF0030 00003C (v01 VBOX   VBOXXSDT 00000001 ASL  00000061)
[    0.000000] ACPI: FACP 0x00000000DFFF00F0 0000F4 (v04 VBOX   VBOXFACP 00000001 ASL  00000061)
[    0.000000] ACPI: DSDT 0x00000000DFFF0470 0021FF (v02 VBOX   VBOXBIOS 00000002 INTL 20100528)
[    0.000000] ACPI: FACS 0x000000DFFF0200 000040
[    0.000000] ACPI: FACS 0x00000000DFFF0200 000040
[    0.000000] ACPI: APIC 0x00000000DFFF0240 00005C (v02 VBOX   VBOXAPIC 00000001 ASL  00000061)
[    0.000000] ACPI: SSDT 0x00000000DFFF02A0 0001CC (v01 VBOX   VBOXCPUT 00000002 INTL 20100528)
[    0.000000] No NUMA configuration found
[    0.000000] Faking a node at [mem 0x0000000000000000-0x0000011ffff
[   0.000] NODEDA(0 alocatd em0x11fff70000x1fbfff]
[  000000] kvm-clock: Using msrs 4b564d01 and 4b564d00
[    0.000000] kvm-clock: cpu 0, msr 1:1ffef001, primary cpu clock
[    0.000000] kvm-clock: using sched offset of 3268614605 yces
[    0.000] loksource km-lok: mask: 0xfffffffffff max_cycles: 0x1cd424db,max_ide_s:815909183 ns
[    0.000000] Zone ranges:
   0.000000]   MA    [mm 0000000000100-0x0000000000ffffff
[   0.00000]  DMA32    [mem 0x0000000001000000-0x00000000ffffffff]
[    0.000000]   Normal   [mem 0x0000000100000000-0x000000011fffffff]
[    0.000000]   Device   empty
[    0.000000] Movable zone start for each node
[    0.000000] Early memory node ranges
[    0.00000]   node   0: [mem 0x000000000000000-0x000000000009efff]
[    0.000000]   node   0: [mem 0x0000000000100000-0x00000000dffeffff]
[    0.000000]   node   0: [mem 0x00000010000000-0x000000011fffffff]
[    0.000000] Initmem setup node 0 [mem 0x0000000000001000-0x000000011fffffff]
[    0.00000] ACPI P-Tme IO Port: 0x4008
[    0.000000] IOAPIC[0]: apic_id 2, version 32, address 0xfec00000, GSI 0-23
[   .0000]CP: NTSRC_OV (us bus_ir 0 globalrq2 df dfl)[   .0000]ACPI: INT_RC_OVR(bus 0 us_irq 9 loal_irq9 owlevel)
[    0.000000] Using ACPI (MADT) for SMP configuration information
[    0.0000]smboot: llwi 2 CPU, hoplu CUs
[   000000PM Rgisterednoav mmory: me 00000000-x00000ff
   0.000000PM Rgisted nosave emory: [mem 0x0009f000-0x0009ffff]
[    0.000000] PM: Registered nosave memory: [mem 0x000a0000-0x000effff]
[    0.000000] PM: Registered nosave memory: [mem 0x000f0000-0x000fffff]
[    0.000000] PM: Registered nosave memory: [mem 0xdfff0000-0xdfffffff]
[    0.000000] PM: Registered nosave memory: [mem 0xe0000000-0xfebfffff]
[    0.000000] PM: Registered nosave memory: [mem 0xfec00000-0xfec00fff]
[    0.000000] PM: Registered nosave memory: mem 0xfec01000-0xfedfffff]
[    0.000000] PM: Registered nosave memory: [mem 0xfee00000-0xfee00fff]
[    0.000000] PM: Registered nosave memory: [mem 0xfee01000-0xfffbffff]
[    0.000000] PM: Registered nosave memory: [mem 0xfffc0000-0xffffffff]
[    0.000000] e820: [mem 0xe0000000-0xfebfffff] available for PCI devices
[    0.000000] Booting paravirtualized kernel on KVM
[    0.000000]clocksource: refined-jiffies: mask: 0xffffffff max_cycles: 0xffffffff, max_idle_ns: 7645519600211568 ns
[    0.000000] setup_percpu: NR_CPUS:512 nr_cpumask_bits:512 nr_cpu_ids:2 nr_nodeid:1
[    00000 PERCPU: Emeded4 page/cpu @ffff8801f00000 s954 192 d3158 10856
[   0.000] uilt 1zoelst in Node rdr, moilty grouping on.  Totalpas:102056
[    000000]olcyzoe: Nma
[    .000] Kerelcoan line: BOTIMGE/bootvminz-.4.0-157geerc oot=LABEL=cloudimg-rootfs ro consoe=ty cnsole=yS
    0.000000] PID hash table entries: 4096 (order: 3, 32768 bytes)
[   00000] Memory: 4028244K/4193848K available (8618K kernel code, 1335K rwdata, 4032K rodata, 1484K init, 1284K ss, 165604K reserved, 0K cma-reserved)
[    0.000000] SLUB: HWalign=64, Order=0-3, MinObjects=0, CPUs=2, Nodes=1
[    0.000000] Kernel/User page tables isolation: enabled
[    0.000000] HirarchialRC iplmentatio.[   .00000] Buldtime adjstntof leaf faou t 6.
[    .000000] 	RCU restricting CPUs from NR_CPUS=512 to nr_cpu_ids=2.
[    0.000000] RCU: Ajutig geometryfo rcu_faou_leaf=64, nr_cp_ids=2
[    0.000000] NR_IRS:3024 r_rq:40 16
[   0000] Conol: olur VGA 8x2
   0.000000] console [tty1] enabled
[    0.000000] console [ttyS0] enabled
[    0.000000] tsc: Detected 2494.236 MHz processor
[    6.4057] librating delay loop (skipped) preset value.. 4988.47 BogoMIPS (lpj=9976944)
[    6.480019] pid_max: default: 32768 minimum: 301
[    6.480814] ACPI: Core revision 20150930
[    6.482328] ACPI: 2 ACPI AML tables successfully acquired and loaded
[    6.499018] Security Framework initialized
[    6.534109] Yama: becoming mindful.
[    6.569946] AppArmor: AppArmor initialized
[    6.588044] Dentry cache hash table entries: 524288 (order: 10, 4194304 bytes)
[    6.631514] Inode-cache hash table entries: 262144 (order: 9, 2097152 bytes)
[    6.660964] Mount-cache hash table entries: 8192 (order: 4, 65536 bytes)
[    6.666727] Mountpoint-cache hash table entries: 8192 (order: 4, 65536 bytes)
[    6.673640] Initializing cgroup subsys io
[    6.697155] Initializing cgroup subsys memory
[    6.704910] Initializing cgroup subsys devices
[    6.705960] Initializing cgroup subsys freezer
[    6.712552] Initializing cgroup subsys net_cls
[    6.751574] Initializing cgroup subsys perf_event
[    6.778269] Initializing cgroup subsys net_prio
[    6.842371] Initializing cgroup subsys hugetlb
[    6.858419] Initializing cgroup subsys pids
[    6.899043] mce: CPU supports 0 MCE banks
[    6.957561] Last level iTLB entries: 4KB 1024, 2MB 1024, 4MB 1024
[    7.026203] Last level dTLB entries: 4KB 1024, 2MB 1024, 4MB 1024, 1GB 4
[    7.050912] Spectre V2 : Mitigation: Full generic retpoline
[    7.077843] Spectre V2 : Spectre v2 / SpectreRSB mitigation: Filling RSB on context switch
[    7.107368] Speculative Store Bypass: Vulnerable
[    7.126541] MDS: Vulnerable: Clear CPU buffers attempted, no microcode
[    7.173024] Freeing SMP alternatives memory: 36K
[    7.178432] ftrace: allocating 32312 entries in 127 pages
[    7.226610] smpboot: APIC(0) Converting physical 0 to logical package 0
[    7.244871] smpboot: Max logical packages: 1
[    7.245923] x2apic enabled
[    7.253631] Switched APIC routing to physical x2apic.
[    7.259270] ..TIMER: vector=0x30 apic1=0 pin1=2 apic2=-1 pin2=-1
[    7.365360] smpboot: CPU0: Intel(R) Core(TM) i7-4710MQ CPU @ 2.50GHz (family: 0x6, model: 0x3c, stepping: 0x3)
[    7.450561] Performance Events: unsupported p6 CPU model 60 no PMU driver, software events only.
[    7.473636] KVM setup paravirtual spinlock
[    7.513818] x86: Booting SMP configuration:
[    7.558025] .... node  #0, CPUs:      #1
[    7.581588] kvm-clock: cpu 1, msr 1:1ffef041, secondary cpu clock
[    7.602771] mce: CPU supports 0 MCE banks
[    7.606969] x86: Booted up 1 node, 2 CPUs
[    7.615675] smpboot: Total of 2 processors activated (9976.94 BogoMIPS)
[    7.617269] devtmpfs: initialized
[    7.621852] evm: security.selinux
[    7.650123] evm: security.SMACK64
[    7.650755] evm: security.SMACK64EXEC
[    7.651433] evm: security.SMACK64TRANSMUTE
[    7.664910] evm: security.SMACK64MMAP
[    7.665819] evm: security.ima
[    7.666871] evm: security.capability
[    7.670331] clocksource: jiffies: mask: 0xffffffff max_cycles: 0xffffffff, max_idle_ns: 7645041785100000 ns
[    7.679196] futex hash table entries: 512 (order: 3, 32768 bytes)
[    7.681022] pinctrl core: initialized pinctrl subsystem
[    7.682377] RTC time: 20:30:59, date: 10/10/19
[    7.683771] NET: Registered protocol family 16
[    7.726987] cpuidle: using governor ladder
[    7.738720] cpuidle: using governor menu
[    7.764021] PCCT header not found.
[    7.795802] ACPI: bus type PCI registered
[    7.826028] acpiphp: ACPI Hot Plug PCI Controller Driver version: 0.5
[    7.842783] PCI: Using configuration type 1 for base access
[    7.931248] ACPI: Added _OSI(Module Device)
[    7.981531] ACPI: Added _OSI(Processor Device)
[    8.021560] ACPI: Added _OSI(3.0 _SCP Extensions)
[    8.058925] ACPI: Added _OSI(Processor Aggregator Device)
[    8.068129] ACPI: Executed 1 blocks of module-level executable AML code
[    8.090114] ACPI: Interpreter enabled
[    8.090816] ACPI: (supports S0 S5)
[    8.104602] ACPI: Using IOAPIC for interrupt routing
[    8.115387] PCI: Using host bridge windows from ACPI; if necessary, use "pci=nocrs" and report a bug
[    8.138094] ACPI: PCI Root Bridge [PCI0] (domain 0000 [bus 00-ff])
[    8.139105] acpi PNP0A03:00: _OSC: OS supports [ASPM ClockPM Segments MSI]
[    8.140504] acpi PNP0A03:00: _OSC: not requesting OS control; OS requires [ExtendedConfig ASPM ClockPM MSI]
[    8.192871] acpi PNP0A03:00: fail to add MMCONFIG information, can't access extended PCI configuration space under this bridge.
[    8.212148] PCI host bridge to bus 0000:00
[    8.212979] pci_bus 0000:00: root bus resource [io  0x0000-0x0cf7 window]
[    8.214049] pci_bus 0000:00: root bus resource [io  0x0d00-0xffff window]
[    8.227223] pci_bus 0000:00: root bus resource [mem 0x000a0000-0x000bffff window]
[    8.260681] pci_bus 0000:00: root bus resource [mem 0xe0000000-0xfdffffff window]
[    8.267329] pci_bus 0000:00: root bus resource [bus 00-ff]
[    8.281969] pci 0000:00:01.1: legacy IDE quirk: reg 0x10: [io  0x01f0-0x01f7]
[    8.297374] pci 0000:00:01.1: legacy IDE quirk: reg 0x14: [io  0x03f6]
[    8.300021] pci 0000:00:01.1: legacy IDE quirk: reg 0x18: [io  0x0170-0x0177]
[    8.319064] pci 0000:00:01.1: legacy IDE quirk: reg 0x1c: [io  0x0376]
[    8.384484] pci 0000:00:07.0: quirk: [io  0x4000-0x403f] claimed by PIIX4 ACPI
[    8.432962] pci 0000:00:07.0: quirk: [io  0x4100-0x410f] claimed by PIIX4 SMB
[    8.510557] ACPI: PCI Interrupt Link [LNKA] (IRQs 5 9 10 *11)
[    8.566345] ACPI: PCI Interrupt Link [LNKB] (IRQs 5 9 *10 11)
[    8.586534] ACPI: PCI Interrupt Link [LNKC] (IRQs 5 *9 10 11)
[    8.614892] ACPI: PCI Interrupt Link [LNKD] (IRQs 5 9 10 *11)
[    8.662037] ACPI: Enabled 2 GPEs in block 00 to 07
[    8.663645] vgaarb: setting as boot device: PCI:0000:00:02.0
[    8.668406] vgaarb: device added: PCI:0000:00:02.0,decodes=io+mem,owns=io+mem,locks=none
[    8.711775] vgaarb: loaded
[    8.712687] vgaarb: bridge control possible 0000:00:02.0
[    8.714463] SCSI subsystem initialized
[    8.731054] ACPI: bus type USB registered
[    8.731822] usbcore: registered new interface driver usbfs
[    8.737177] usbcore: registered new interface driver hub
[    8.779962] usbcore: registered new device driver usb
[    8.783515] PCI: Using ACPI for IRQ routing
[    8.788357] NetLabel: Initializing
[    8.806550] NetLabel:  domain hash size = 128
[    8.815324] NetLabel:  protocols = UNLABELED CIPSOv4
[    8.831265] NetLabel:  unlabeled traffic allowed by default
[    8.868861] amd_nb: Cannot enumerate AMD northbridges
[    8.902925] clocksource: Switched to clocksource kvm-clock
[    .936613] AppArmor: AppArmor Filesystem Enabled
[   8.964746] pn: PnP ACPI init
[    9.014193] pnp: PnP ACPI: found 3 devices

[    9.025376] clocksource: acpi_pm: mask: 0xffffff max_cycles: 0xffffff, max_idle_ns: 2085701024 ns
[    9.027713] NET: Registered protocol family 2
[    9.028989] TCP established hash table entries: 32768 (order: 6, 262144 bytes)
[    9.030787] TCP bind hash table entries: 32768 (order: 7, 524288 bytes)
[    9.033754] TCP: Hash tables configured (established 32768 bind 32768)
[    9.035019] UDP hash table entries: 2048 (order: 4, 65536 bytes)
[    9.036081] UDP-Lite hash table entries: 2048 (order: 4, 65536 bytes)
[    9.037629] NET: Registered protocol family 1
[    9.038717] pci 0000:00:00.0: Limiting direct PCI/PCI transfers
[    9.039769] pci 0000:00:01.0: Activating ISA DMA hang workarounds
[    9.040865] Unpacking initramfs...
[    9.262519] Freeing initrd memory: 14828K
[    9.283354] PCI-DMA: Using software bounce buffering for IO (SWIOTLB)
[    9.304061] software IO TLB: mapped [mem 0xdbff0000-0xdfff0000] (64MB)
[    9.305113] RAPL PMU detected, API unit is 2^-32 Joules, 4 fixed counters 10737418240 ms ovfl timer
[    9.378188] hw unit of domain pp0-core 2^-0 Joules
[    9.430792] hw unit of domain package 2^-0 Joules
[    9.449039] hw unit of domain dram 2^-0 Joules
[    9.449878] hw unit of domain pp1-gpu 2^-0 Joules
[    9.450760] clocksource: tsc: mask: 0xffffffffffffffff max_cycles: 0x23f3f4aee88, max_idle_ns: 440795261827 ns
[    9.460618] platform rtc_cmos: registered platform RTC device (no PNP device found)
[    9.470086] Scanning for low memory corruption every 60 seconds
[    9.488675] audit: initializing netlink subsys (disabled)
[    9.498373] audit: type=2000 audit(1570739458.805:1): initialized
[    9.523083] Initialise system trusted keyring
[    9.524113] HugeTLB registered 2 MB page size, pre-allocated 0 pages
[    9.528465] zbud: loaded
[    9.529466] VFS: Disk quotas dquot_6.6.0
[    9.531714] VFS: Dquot-cache hash table entries: 512 (order 0, 4096 bytes)
[    9.533521] squashfs: version 4.0 (2009/01/31) Phillip Lougher
[    9.534850] fuse init (API version 7.23)
[    9.535778] Key type big_key registered
[    9.536653] Allocating IMA MOK and blacklist keyrings.
[    9.541040] Key type asymmetric registered
[    9.541822] Asymmetric key parser 'x509' registered
[    9.549504] Block layer SCSI generic (bsg) driver version 0.4 loaded (major 249)
[    9.550925] io scheduler noop registered
[    9.551735] io scheduler deadline registered (default)
[    9.552688] io scheduler cfq registered
[    9.557160] pci_hotplug: PCI Hot Plug PCI Core version: 0.5
[    9.558135] pciehp: PCI Express Hot Plug Controller Driver version: 0.4
[    9.559336] ACPI: AC Adapter [AC] (on-line)
[    9.560168] input: Power Button as /devices/LNXSYSTM:00/LNXPWRBN:00/input/input0
[    9.561513] ACPI: Power Button [PWRF]
[    9.562267] input: Sleep Button as /devices/LNXSYSTM:00/LNXSLPBN:00/input/input1
[    9.584066] ACPI: Sleep Button [SLPF]
[    9.585674] ACPI: Battery Slot [BAT0] (battery present)
[    9.591640] GHES: HEST is not enabled!
[    9.599105] Serial: 8250/16550 driver, 32 ports, IRQ sharing enabled
[    9.626293] 00:02: ttyS0 at I/O 0x3f8 (irq = 4, base_baud = 115200) is a 16550A
[    9.630800] Linux agpgart interface v0.103
[    9.640242] loop: module loaded
[    9.640746] scsi host0: ata_piix
[    9.640807] scsi host1: ata_piix
[    9.640833] ata1: PATA max UDMA/33 cmd 0x1f0 ctl 0x3f6 bmdma 0xd000 irq 14
[    9.640834] ata2: PATA max UDMA/33 cmd 0x170 ctl 0x376 bmdma 0xd008 irq 15
[    9.640937] libphy: Fixed MDIO Bus: probed
[    9.640940] tun: Universal TUN/TAP device driver, 1.6
[    9.640940] tun: (C) 1999-2004 Max Krasnyansky <maxk@qualcomm.com>
[    9.640998] PPP generic driver version 2.4.2
[    9.641049] ehci_hcd: USB 2.0 'Enhanced' Host Controller (EHCI) Driver
[    9.641053] ehci-pci: EHCI PCI platform driver
[    9.641063] ehci-platform: EHCI generic platform driver
[    9.641071] ohci_hcd: USB 1.1 'Open' Host Controller (OHCI) Driver
[    9.641074] ohci-pci: OHCI PCI platform driver
[    9.641083] ohci-platform: OHCI generic platform driver
[    9.641091] uhci_hcd: USB Universal Host Controller Interface driver
[    9.641146] i8042: PNP: PS/2 Controller [PNP0303:PS2K,PNP0f03:PS2M] at 0x60,0x64 irq 1,12
[    9.641593] serio: i8042 KBD port at 0x60,0x64 irq 1
[    9.641596] serio: i8042 AUX port at 0x60,0x64 irq 12
[    9.641685] mousedev: PS/2 mouse device common for all mice
[    9.641984] input: AT Translated Set 2 keyboard as /devices/platform/i8042/serio0/input/input2
[    9.642284] rtc_cmos rtc_cmos: rtc core: registered rtc_cmos as rtc0
[    9.642345] rtc_cmos rtc_cmos: alarms up to one day, 114 bytes nvram
[    9.642351] i2c /dev entries driver
[    9.642394] device-mapper: uevent: version 1.0.3
[    9.642439] device-mapper: ioctl: 4.34.0-ioctl (2015-10-28) initialised: dm-devel@redhat.com
[    9.642454] ledtrig-cpu: registered to indicate activity on CPUs
[    9.642670] NET: Registered protocol family 10
[    9.642798] NET: Registered protocol family 17
[    9.642806] Key type dns_resolver registered
[    9.643127] registered taskstats version 1
[    9.643146] Loading compiled-in X.509 certificates
[    9.643728] Loaded X.509 cert 'Build time autogenerated kernel key: 3e01e6df98386236d59670e6b2ed19a044d5324e'
[    9.643764] zswap: loaded using pool lzo/zbud
[    9.645948] Key type trusted registered
[    9.648941] Key type encrypted registered
[    9.648954] AppArmor: AppArmor sha1 policy hashing enabled
[    9.648962] ima: No TPM chip found, activating TPM-bypass!
[    9.648977] ima: Allocated hash algorithm: sha1
[    9.649016] evm: HMAC attrs: 0x1
[    9.649631]   Magic number: 7:376:548
[    9.649655] tty ttyS24: hash matches
[    9.650318] rtc_cmos rtc_cmos: setting system clock to 2019-10-10 20:31:01 UTC (1570739461)
[    9.650414] BIOS EDD facility v0.16 2004-Jun-25, 0 devices found
[    9.650414] EDD information not available.
[   10.008016] Freeing unused kernel memory: 1484K
[   10.032662] Write protecting the kernel read-only data: 14336k
[   10.034068] Freeing unused kernel memory: 1612K
[   10.461000] Freeing unused kernel memory: 64K
Loading, please wait...
[   10.514442] random: systemd-udevd: uninitialized urandom read (16 bytes read, 3 bits of entropy available)
starting version 229
[   10.515092] random: udevadm: uninitialized urandom read (16 bytes read, 3 bits of entropy available)
[   10.515108] random: udevadm: uninitialized urandom read (16 bytes read, 3 bits of entropy available)
[   10.521524] random: udevadm: uninitialized urandom read (16 bytes read, 3 bits of entropy available)
[   10.521559] random: udevadm: uninitialized urandom read (16 bytes read, 3 bits of entropy available)
[   10.521663] random: udevadm: uninitialized urandom read (16 bytes read, 3 bits of entropy available)
[   10.521704] random: udevadm: uninitialized urandom read (16 bytes read, 3 bits of entropy available)
[   10.521742] random: udevadm: uninitialized urandom read (16 bytes read, 3 bits of entropy available)
[   10.521779] random: udevadm: uninitialized urandom read (16 bytes read, 3 bits of entropy available)
[   10.521818] random: udevadm: uninitialized urandom read (16 bytes read, 3 bits of entropy available)
[   10.828527] e1000: Intel(R) PRO/1000 Network Driver - version 7.3.21-k8-NAPI
[   10.830864] e1000: Copyright (c) 1999-2006 Intel Corporation.
[   10.834959] Fusion MPT base driver 3.04.20
[   10.836078] Copyright (c) 1999-2008 LSI Corporation
[   10.868516] Fusion MPT SPI Host driver 3.04.20
[   10.894937] AVX2 version of gcm_enc/dec engaged.
[   10.901133] AES CTR mode by8 optimization enabled
[   11.173452] input: ImExPS/2 Generic Explorer Mouse as /devices/platform/i8042/serio1/input/input4
[   11.294661] e1000 0000:00:03.0 eth0: (PCI:33MHz:32-bit) 02:46:62:72:a1:53
[   11.308667] e1000 0000:00:03.0 eth0: Intel(R) PRO/1000 Network Connection
[   11.699495] e1000 0000:00:08.0 eth1: (PCI:33MHz:32-bit) 08:00:27:90:7f:ed
[   11.706149] e1000 0000:00:08.0 eth1: Intel(R) PRO/1000 Network Connection
[   11.747372] mptbase: ioc0: Initiating bringup
[   11.748709] e1000 0000:00:08.0 enp0s8: renamed from eth1
[   11.759506] e1000 0000:00:03.0 enp0s3: renamed from eth0
[   11.822683] ioc0: LSI53C1030 A0: Capabilities={Initiator}
[   12.446417] scsi host2: ioc0: LSI53C1030 A0, FwRev=00000000h, Ports=1, MaxQ=256, IRQ=20
[   13.146701] scsi 2:0:0:0: Direct-Access     VBOX     HARDDISK         1.0  PQ: 0 ANSI: 5
[   13.280210] scsi target2:0:0: Beginning Domain Validation
[   13.296849] scsi target2:0:0: Domain Validation skipping write tests
[   13.364131] scsi target2:0:0: Ending Domain Validation
[   13.365523] scsi target2:0:0: asynchronous
[   13.366759] scsi 2:0:1:0: Direct-Access     VBOX     HARDDISK         1.0  PQ: 0 ANSI: 5
[   13.420469] scsi target2:0:1: Beginning Domain Validation
[   13.440942] scsi target2:0:1: Domain Validation skipping write tests
[   13.459362] scsi target2:0:1: Ending Domain Validation
[   13.698225] scsi target2:0:1: asynchronous
[   13.969378] sd 2:0:0:0: [sda] 20971520 512-byte logical blocks: (10.7 GB/10.0 GiB)
[   13.969428] sd 2:0:0:0: Attached scsi generic sg0 type 0
[   13.969879] sd 2:0:1:0: [sdb] 20480 512-byte logical blocks: (10.5 MB/10.0 MiB)
[   13.969983] sd 2:0:1:0: Attached scsi generic sg1 type 0
[   13.970119] sd 2:0:1:0: [sdb] Write Protect is off
[   13.970240] sd 2:0:1:0: [sdb] Incomplete mode parameter data
[   13.970242] sd 2:0:1:0: [sdb] Assuming drive cache: write through
[   13.972211] sd 2:0:1:0: [sdb] Attached SCSI disk
[   14.017935] sd 2:0:0:0: [sda] Write Protect is off
[   14.019256] sd 2:0:0:0: [sda] Incomplete mode parameter data
[   14.020278] sd 2:0:0:0: [sda] Assuming drive cache: write through
[   14.025984]  sda: sda1
[   14.052202] sd 2:0:0:0: [sda] Attached SCSI disk
Begin: Loading e[   15.403757] md: linear personality registered for level -1
ssential drivers ... [   15.440261] md: multipath personality registered for level -4
[   15.443899] md: raid0 personality registered for level 0
[   15.448887] md: raid1 personality registered for level 1
[   15.523169] raid6: sse2x1   gen()  9454 MB/s
[   15.603624] raid6: sse2x1   xor()  7333 MB/s
[   15.670958] raid6: sse2x2   gen() 11673 MB/s
[   15.779231] raid6: sse2x2   xor()  8171 MB/s
[   15.875031] raid6: sse2x4   gen() 13999 MB/s
[   15.942981] raid6: sse2x4   xor()  9128 MB/s
[   16.011319] raid6: avx2x1   gen() 16648 MB/s
[   16.095016] raid6: avx2x2   gen() 21536 MB/s
[   16.167062] raid6: avx2x4   gen() 21986 MB/s
[   16.210142] raid6: using algorithm avx2x4 gen() 21986 MB/s
[   16.215944] raid6: using avx2x2 recovery algorithm
[   16.235695] xor: automatically using best checksumming function:
[   16.279672]    avx       : 31627.000 MB/sec
[   16.282802] async_tx: api initialized (async)
[   16.296085] md: raid6 personality registered for level 6
[   16.316013] md: raid5 personality registered for level 5
[   16.317389] md: raid4 personality registered for level 4
[   16.327491] md: raid10 personality registered for level 10
done.
Begin: Running /scripts/init-premount ... done.
Begin: Mounting root file system ... Begin: Running /scripts/local-top ... done.
Begin: Running /scripts/local-premount ... [   16.376838] Btrfs loaded
Scanning for Btrfs filesystems
done.
Warning: fsck not present, so skipping root file system
[   16.417960] EXT4-fs (sda1): mounted filesystem with ordered data mode. Opts: (null)
done.
Begin: Running /scripts/local-bottom ... done.
Begin: Running /scripts/init-bottom ... done.
[   16.537832] systemd[1]: systemd 229 running in system mode. (+PAM +AUDIT +SELINUX +IMA +APPARMOR +SMACK +SYSVINIT +UTMP +LIBCRYPTSETUP +GCRYPT +GNUTLS +ACL +XZ -LZ4 +SECCOMP +BLKID +ELFUTILS +KMOD -IDN)
[   16.543082] systemd[1]: Detected virtualization oracle.
[   16.544373] systemd[1]: Detected architecture x86-64.

Welcome to [1mUbuntu 16.04.6 LTS[0m!

[   16.556427] systemd[1]: Set hostname to <advanced>.
[   16.709946] systemd[1]: Reached target System Time Synchronized.
[[0;32m  OK  [0m] Reached target System Time Synchronized.
[   16.720065] systemd[1]: Reached target Encrypted Volumes.
[[0;32m  OK  [0m] Reached target Encrypted Volumes.
[   16.723989] systemd[1]: Listening on udev Kernel Socket.
[[0;32m  OK  [0m] Listening on udev Kernel Socket.
[   16.729073] systemd[1]: Set up automount Arbitrary Executable File Formats File System Automount Point.
[[0;32m  OK  [0m] Set up automount Arbitrary Executab...ats File System Automount Point.
[   16.747860] systemd[1]: Listening on LVM2 metadata daemon socket.
[[0;32m  OK  [0m] Listening on LVM2 metadata daemon socket.
[   16.767880] systemd[1]: Reached target User and Group Name Lookups.
[[0;32m  OK  [0m] Reached target User and Group Name Lookups.
[   16.833494] systemd[1]: Listening on /dev/initctl Compatibility Named Pipe.
[[0;32m  OK  [0m] Listening on /dev/initctl Compatibility Named Pipe.
[   16.924103] systemd[1]: Listening on udev Control Socket.
[[0;32m  OK  [0m] Listening on udev Control Socket.
[   17.015988] systemd[1]: Started Forward Password Requests to Wall Directory Watch.
[[0;32m  OK  [0m] Started Forward Password Requests to Wall Directory Watch.
[   17.123945] systemd[1]: Started Trigger resolvconf update for networkd DNS.
[[0;32m  OK  [0m] Started Trigger resolvconf update for networkd DNS.
[   17.211751] systemd[1]: Listening on Journal Audit Socket.
[[0;32m  OK  [0m] Listening on Journal Audit Socket.
[   17.231537] systemd[1]: Created slice System Slice.
[[0;32m  OK  [0m] Created slice System Slice.
[   17.243043] systemd[1]: Created slice system-serial\x2dgetty.slice.
[[0;32m  OK  [0m] Created slice system-serial\x2dgetty.slice.
[   17.296971] systemd[1]: Created slice User and Session Slice.
[[0;32m  OK  [0m] Created slice User and Session Slice.
[   17.388103] systemd[1]: Reached target Slices.
[[0;32m  OK  [0m] Reached target Slices.
[   17.451771] systemd[1]: Listening on Syslog Socket.
[[0;32m  OK  [0m] Listening on Syslog Socket.
[   17.474473] systemd[1]: Listening on Journal Socket (/dev/log).
[[0;32m  OK  [0m] Listening on Journal Socket (/dev/log).
[   17.503952] systemd[1]: Listening on LVM2 poll daemon socket.
[[0;32m  OK  [0m] Listening on LVM2 poll daemon socket.
[   17.571479] systemd[1]: Listening on Journal Socket.
[[0;32m  OK  [0m] Listening on Journal Socket.
[   17.595626] systemd[1]: Starting Nameserver information manager...
         Starting Nameserver information manager...
[   17.606259] systemd[1]: Mounting Huge Pages File System...
         Mounting Huge Pages File System...
[   17.610330] systemd[1]: Starting Uncomplicated firewall...
         Starting Uncomplicated firewall...
[   17.621325] systemd[1]: Starting Set console keymap...
         Starting Set console keymap...
[   17.631749] systemd[1]: Starting Remount Root and Kernel File Systems...
         Starting Remount Root a[   17.641609] EXT4-fs (sda1): re-mounted. Opts: (null)
nd Kernel File Systems...
[   17.658469] systemd[1]: Starting Journal Service...
         Starting Journal Service...
[   17.666899] systemd[1]: Starting Load Kernel Modules...
         Starting Load Kernel Modules...
[   17.673919] Loading iSCSI transport class v2.0-870.
[   17.687630] systemd[1]: Mounting Debug File System...
         Mounting Debug File System...
[   17.709992] systemd[1]: Starting Create list of required static device nodes for the current kernel...
         [   17.715604] iscsi: registered transport (tcp)
Starting Create list of required st... nodes for the current kernel...
[   17.719690] systemd[1]: Mounting POSIX Message Queue File System...
         Mounting POSIX Message Queue File System...
[   17.730847] systemd[1]: Reached target Swap.
[[0;32m  OK  [0m] Reached target Swap.
[   17.751421] systemd[1]: Listening on Device-mapper event daemon FIFOs.
[[0;32m  OK  [0m] Listening on Device-mapper event daemon FIFOs.
[   17.768890] iscsi: registered transport (iser)
[   17.771678] systemd[1]: Starting Monitoring of LVM2 mirrors, snapshots etc. using dmeventd or progress polling...
         Starting Monitoring of LVM2 mirrors... dmeventd or progress polling...
[   18.1168] systemd[1]: MunedDebu Fle System.

[[0;32m  OK  [0m] Mounted Debug File System.
[   18.311264] systemd[1]: Mounted POSIX Message Queue File System.
[[0;32m  OK  [0m] Mounted POSIX Message Queue File System.
[   18.383402] systemd[1]: Mounted Huge Pages File System.
[[0;32m  OK  [0m] Mounted Huge Pages File System.
[  18.420007 systemd[1]: Started Journal Service.

[[0;32m  OK  [0m] Started Journal Service.
[[0;32m  OK  [0m] Started Uncomplicated firewall.
[[0;32m  OK  [0m] Started Set console keymap.
[[0;32m  OK  [0m] Started Remount Root and Kernel File Systems.
[[0;32m  OK  [0m] Started Load Kernel Modules.
[[0;32m  OK  [0m] Started Create list of required sta...ce nodes for the current kernel.
[[0;32m  OK  [0m] Started Nameserver information manager.
[[0;32m  OK  [0m] Started LVM2 metadata daemon.
         Starting Create Static Device Nodes in /dev...
         Mounting FUSE Control File System...
         Starting Apply Kernel Variables...
         Starting udev Coldplug all Devices...
         Starting Load/Save Random Seed...
         Starting Flush Journal to Persistent Storage...
[[0;32m  OK  [0m] Mounted FUSE Control File System.
[[0;32m  OK  [0m] Started Create Static Device Nodes in /dev.
[[0;32m  OK  [0m] Started Apply Kernel Variables.
[[0;32m  OK  [0m] Started Load/Save Random Seed.
[[0;32m  OK  [0m] Started udev Coldplug all Devices.
[[0;32m  OK  [0m] Started Flush Journal to Persistent Storage.
         Starting udev Kernel Device Manager...
[[0;32m  OK  [0m] Started Monitoring of LVM2 mirrors,...ng dmeventd or progress polling.
[[0;32m  OK  [0m] Started udev Kernel Device Manager.
[[0;32m  OK  [0m] Started Dispatch Password Requests to Console Directory Watch.
[[0;32m  OK  [0m] Reached target Local File Systems (Pre).
[[0;32m  OK  [0m] Reached target Local File Systems.
         Starting Initial cloud-init job (pre-networking)...
         Starting Create Volatile Files and Directories...
         Starting Tell Plymouth To Write Out Runtime Data...
         Starting Set console font and keymap...
         Starting LSB: AppArmor initialization...
[[0;32m  OK  [0m] Started Tell Plymouth To Write Out Runtime Data.
[[0;32m  OK  [0m] Started Create Volatile Files and Directories.
         Starting Update UTMP about System Boot/Shutdown...
[[0;32m  OK  [0m] Started LSB: AppArmor initialization.
[[0;32m  OK  [0m] Started Update UTMP about System Boot/Shutdown.
[[0;32m  OK  [0m] Found device /dev/ttyS0.
[[0;32m  OK  [0m] Listening on Load/Save RF Kill Switch Status /dev/rfkill Watch.
[[0;32m  OK  [0m] Found device 82540EM Gigabit Ethern...r (PRO/1000 MT Desktop Adapter).
[[0;32m  OK  [0m] Found device 82540EM Gigabit Ethern...r (PRO/1000 MT Desktop Adapter).
[   12.157712] cloud-init[[0;32m  OK  [0m] Started Set console font and keymap.
[[0;32m  OK  [0m] Created slice system-getty.slice.
[478]: Cloud-init v. 19.1-1-gbaa47854-0ubuntu1~16.04.1 running 'init-local' at Thu, 10 Oct 2019 20:31:11 +0000. Up 11.84 seconds.
[[0;32m  OK  [0m] Started Initial cloud-init job (pre-networking).
[[0;32m  OK  [0m] Reached target Network (Pre).
[[0;32m  OK  [0m] Started ifup for enp0s3.
         Starting Raise network interfaces...
[[0;32m  OK  [0m] Started ifup for enp0s8.
[[0;32m  OK  [0m] Started Raise network interfaces.
[[0;32m  OK  [0m] Reached target Network.
         Starting Initial cloud-init job (metadata service crawler)...
[   13.000799] cloud-init[1071]: Cloud-init v. 19.1-1-gbaa47854-0ubuntu1~16.04.1 running 'init' at Thu, 10 Oct 2019 20:31:12 +0000. Up 12.75 seconds.
[   13.037036] cloud-init[1071]: ci-info: ++++++++++++++++++++++++++++++++++++++Net device info+++++++++++++++++++++++++++++++++++++++
[   13.057211] cloud-init[1071]: ci-info: +--------+------+-----------------------------+---------------+--------+-------------------+
[   13.061879] cloud-init[1071]: ci-info: | Device |  Up  |           Address           |      Mask     | Scope  |     Hw-Address    |
[   13.064997] cloud-init[1071]: ci-info: +--------+------+-----------------------------+---------------+--------+-------------------+
[   13.075563] cloud-init[1071]: ci-info: | enp0s3 | True |          10.0.2.15          | 255.255.255.0 | global | 02:46:62:72:a1:53 |
[   13.077439] cloud-init[1071]: ci-info: | enp0s3 | True |  fe80::46:62ff:fe72:a153/64 |       .       |  link  | 02:46:62:72:a1:53 |
[   13.091812] cloud-init[1071]: ci-info: | enp0s8 | True |        192.168.39.50        | 255.255.255.0 | global | 08:00:27:90:7f:ed |
[   13.092067] cloud-init[1071]: ci-info: | enp0s8 | True | fe80::a00:27ff:fe90:7fed/64 |       .       |  link  | 08:00:27:90:7f:ed |
[   13.092161] cloud-init[1071]: ci-info: |   lo   | True |          127.0.0.1          |   255.0.0.0   |  host  |         .         |
[   13.092276] cloud-init[1071]: ci-info: |   lo   | True |           ::1/128           |       .       |  host  |         .         |
[   13.092401] cloud-init[1071]: ci-info: +--------+------+-----------------------------+---------------+--------+-------------------+
[   13.092565] cloud-init[1071]: ci-info: ++++++++++++++++++++++++++++Route IPv4 info++++++++++++++++++++++++++++
[   13.092690] cloud-init[1071]: ci-info: +-------+--------------+----------+---------------+-----------+-------+
[   13.092827] cloud-init[1071]: ci-info: | Route | Destination  | Gateway  |    Genmask    | Interface | Flags |
[   13.092957] cloud-init[1071]: ci-info: +-------+--------------+----------+---------------+-----------+-------+
[   13.093389] cloud-init[1071]: ci-info: |   0   |   0.0.0.0    | 10.0.2.2 |    0.0.0.0    |   enp0s3  |   UG  |
[   13.093544] cloud-init[1071]: ci-info: |   1   |   10.0.2.0   | 0.0.0.0  | 255.255.255.0 |   enp0s3  |   U   |
[   13.093668] cloud-init[1071]: ci-info: |   2   | 192.168.39.0 | 0.0.0.0  | 255.255.255.0 |   enp0s8  |   U   |
[   13.093804] cloud-init[1071]: ci-info: +-------+--------------+----------+---------------+-----------+-------+
[   13.093938] cloud-init[1071]: ci-info: +++++++++++++++++++Route IPv6 info+++++++++++++++++++
[   13.094073] cloud-init[1071]: ci-info: +-------+-------------+---------+-----------+-------+
[   13.094225] cloud-init[1071]: ci-info: | Route | Destination | Gateway | Interface | Flags |
[   13.094344] cloud-init[1071]: ci-info: +-------+-------------+---------+-----------+-------+
[   13.094496] cloud-init[1071]: ci-info: |   0   |  fe80::/64  |    ::   |   enp0s3  |   U   |
[   13.094619] cloud-init[1071]: ci-info: |   1   |  fe80::/64  |    ::   |   enp0s8  |   U   |
[   13.094753] cloud-init[1071]: ci-info: |   4   |   ff00::/8  |    ::   |   enp0s3  |   U   |
[   13.094887] cloud-init[1071]: ci-info: |   5   |   ff00::/8  |    ::   |   enp0s8  |   U   |
[   13.095019] cloud-init[1071]: ci-info: +-------+-------------+---------+-----------+-------+
[[0;32m  OK  [0m] Started Initial cloud-init job (metadata service crawler).
[[0;32m  OK  [0m] Reached target Cloud-config availability.
[[0;32m  OK  [0m] Reached target System Initialization.
         Starting Socket activation for snappy daemon.
[[0;32m  OK  [0m] Started ACPI Events Check.
[[0;32m  OK  [0m] Reached target Paths.
         Starting LXD - unix socket.
[[0;32m  OK  [0m] Listening on UUID daemon activation socket.
[[0;32m  OK  [0m] Started Daily apt download activities.
[[0;32m  OK  [0m] Started Clean PHP session files every 30 mins.
[[0;32m  OK  [0m] Started Daily apt upgrade and clean activities.
[[0;32m  OK  [0m] Listening on D-Bus System Message Bus Socket.
[[0;32m  OK  [0m] Listening on ACPID Listen Socket.
[[0;32m  OK  [0m] Started Daily Cleanup of Temporary Directories.
[[0;32m  OK  [0m] Reached target Timers.
[[0;32m  OK  [0m] Reached target Network is Online.
         Starting iSCSI initiator daemon (iscsid)...
[[0;32m  OK  [0m] Listening on Socket activation for snappy daemon.
[[0;32m  OK  [0m] Listening on LXD - unix socket.
[[0;32m  OK  [0m] Started iSCSI initiator daemon (iscsid).
         Starting Login to default iSCSI targets...
[[0;32m  OK  [0m] Reached target Sockets.
[[0;32m  OK  [0m] Reached target Basic System.
         Starting System Logging Service...
         Starting LSB: Record successful boot for GRUB...
[[0;32m  OK  [0m] Started ACPI event daemon.
         Starting The PHP 7.3 FastCGI Process Manager...
[[0;32m  OK  [0m] Started Regular background program processing daemon.
         Starting A high performance web server and a reverse proxy server...
         Starting LXD - container startup/shutdown...
         Starting Login Service...
         Starting LSB: MD monitoring daemon...
         Starting Snappy daemon...
         Starting /etc/rc.local Compatibility...
[[0;32m  OK  [0m] Started D-Bus System Message Bus.
         Starting Accounts Service...
         Starting Virtualbox guest utils...
[[0;32m  OK  [0m] Started Deferred execution scheduler.
[[0;32m  OK  [0m] Started FUSE filesystem for LXC.
         Starting OpenBSD Secure Shell server...
[[0;32m  OK  [0m] Started System Logging Service.
[[0;32m  OK  [0m] Started LXD - container startup/shutdown.
[[0;32m  OK  [0m] Started /etc/rc.local Compatibility.
[[0;32m  OK  [0m] Started A high performance web server and a reverse proxy server.
[[0;32m  OK  [0m] Started The PHP 7.3 FastCGI Process Manager.
[[0;32m  OK  [0m] Started OpenBSD Secure Shell server.
[[0;32m  OK  [0m] Started Snappy daemon.
[[0;32m  OK  [0m] Started Login to default iSCSI targets.
[[0;32m  OK  [0m] Started LSB: Record successful boot for GRUB.
[[0;32m  OK  [0m] Started LSB: MD monitoring daemon.
[[0;32m  OK  [0m] Started Login Service.
[[0;32m  OK  [0m] Started Unattended Upgrades Shutdown.
         Starting Authenticate and Authorize Users to Run Privileged Tasks...
[[0;32m  OK  [0m] Reached target Remote File Systems (Pre).
[[0;32m  OK  [0m] Reached target Remote File Systems.
         Starting LSB: automatic crash report generation...
         Starting LSB: daemon to balance interrupts for SMP systems...
         Starting Permit User Sessions...
         Starting LSB: Set the CPU Frequency Scaling governor to "ondemand"...
         Starting Wait until snapd is fully seeded...
[[0;32m  OK  [0m] Started Virtualbox guest utils.
[[0;32m  OK  [0m] Started Permit User Sessions.
[[0;32m  OK  [0m] Started Wait until snapd is fully seeded.
[[0;32m  OK  [0m] Started Authenticate and Authorize Users to Run Privileged Tasks.
[[0;32m  OK  [0m] Started Accounts Service.
         Starting Apply the settings specified in cloud-config...
         Starting Hold until boot process finishes up...
         Starting Terminate Plymouth Boot Screen...
[[0;32m  OK  [0m] Started LSB: automatic crash report generation.
[[0;32m  OK  [0m] Started LSB: daemon to balance interrupts for SMP systems.
[[0;32m  OK  [0m] Started LSB: Set the CPU Frequency Scaling governor to "ondemand".
[[0;32m  OK  [0m] Started Hold until boot process finishes up.
[[0;32m  OK  [0m] Started Terminate Plymouth Boot Screen.
[[0;32m  OK  [0m] Started Serial Getty on ttyS0.
         Starting Set console scheme...
[[0;32m  OK  [0m] Started Getty on tty1.
[[0;32m  OK  [0m] Reached target Login Prompts.
[[0;32m  OK  [0m] Reached target Multi-User System.
[[0;32m  OK  [0m] Reached target Graphical Interface.
[   14.816498] cloud-init[1318]: Cloud-init v. 19.1-1-gbaa47854-0ubuntu1~16.04.1 running 'modules:config' at Thu, 10 Oct 2019 20:31:14 +0000. Up 14.72 seconds.
         Starting Update UTMP about System Runlevel Changes...
[[0;32m  OK  [0m] Started Apply the settings specified in cloud-config.
[[0;32m  OK  [0m] Started Set console scheme.
[[0;32m  OK  [0m] Started Update UTMP about System Runlevel Changes.
         Starting Execute cloud user/final scripts...
[   15.380369] cloud-init[1352]: Cloud-init v. 19.1-1-gbaa47854-0ubuntu1~16.04.1 running 'modules:final' at Thu, 10 Oct 2019 20:31:15 +0000. Up 15.28 seconds.
[   15.450616] cloud-init[1352]: Cloud-init v. 19.1-1-gbaa47854-0ubuntu1~16.04.1 finished at Thu, 10 Oct 2019 20:31:15 +0000. Datasource DataSourceNoCloud [seed=/dev/sdb][dsmode=net].  Up 15.37 seconds
[[0;32m  OK  [0m] Started Execute cloud user/final scripts.
[[0;32m  OK  [0m] Reached target Cloud-init target.

Ubuntu 16.04.6 LTS advanced ttyS0

advanced login: 